Firebase Admin SDK Initialized with quickhaat-89c2f-firebase-adminsdk-fbsvc-7cfda8c440.json
node : file:///C:/Users
/shalini/OneDrive/Deskt
op/elite-crew/backend/n
ode_modules/resend/dist
/index.mjs:920
At line:1 char:1
+ node test_otp.js > 
test_log.txt 2>&1
+ ~~~~~~~~~~~~~~~~~~~~~
~~~~~~~~~~~~~~~
    + CategoryInfo     
         : NotSpecifi  
  ed: (file:///C:/Us   
 er...t/index.mjs:9    
20:String) [], Rem    
oteException
    + FullyQualifiedEr 
   rorId : NativeComm  
  andError
 
			if (!this.key) 
throw new 
Error("Missing API 
key. Pass it to the 
constructor `new 
Resend(\"re_123\")`");
			                    
 ^

Error: Missing API 
key. Pass it to the 
constructor `new 
Resend("re_123")`
    at new Resend (file
:///C:/Users/shalini/On
eDrive/Desktop/elite-cr
ew/backend/node_modules
/resend/dist/index.mjs:
920:25)
    at file:///C:/Users
/shalini/OneDrive/Deskt
op/elite-crew/backend/c
ontrollers/userControll
er.js:10:16
    at ModuleJob.run (n
ode:internal/modules/es
m/module_job:263:25)
    at async 
ModuleLoader.import (no
de:internal/modules/esm
/loader:540:24)
    at async asyncRunEn
tryPointWithESMLoader (
node:internal/modules/r
un_main:117:5)

Node.js v20.19.0
